// Jest Snapshot v1, https://goo.gl/fbAQLP

exports[`card correctly with and without url 1`] = `
<DocumentFragment>
  .emotion-0 {
  -webkit-align-items: stretch;
  -webkit-box-align: stretch;
  -ms-flex-align: stretch;
  align-items: stretch;
  display: grid;
  grid-column: 1/-1!important;
  grid-column-gap: 24px;
  grid-row-gap: 24px;
  grid-template-columns: repeat(3, 1fr);
  margin: 32px 0;
}

@media only screen and (max-width: 1200px) {
  .emotion-0 {
    grid-template-columns: repeat(2, 1fr);
  }
}

@media only screen and (max-width: 767px) {
  .emotion-0 {
    grid-template-columns: repeat(1, 1fr);
    grid-column-gap: 16px;
  }
}

@media only screen and (max-width: 480px) {
  .emotion-0 {
    grid-column-gap: 16px;
    grid-template-columns: 'auto';
    grid-row-gap: '16px';
  }
}

.emotion-2 {
  display: -webkit-box;
  display: -webkit-flex;
  display: -ms-flexbox;
  display: flex;
  -webkit-flex-direction: column;
  -ms-flex-direction: column;
  flex-direction: column;
  height: 100%;
  padding: 32px;
  -webkit-align-items: flex-start;
  -webkit-box-align: flex-start;
  -ms-flex-align: flex-start;
  align-items: flex-start;
  -webkit-flex-direction: row;
  -ms-flex-direction: row;
  flex-direction: row;
  padding: 32px 24px;
}

.emotion-2 p:last-of-type {
  margin-bottom: 0;
}

.emotion-4 {
  position: relative;
  -webkit-transition: 150ms ease-in-out;
  transition: 150ms ease-in-out;
  transition-property: border,box-shadow;
  border: 1px solid #E8EDEB;
  box-shadow: 0 4px 10px -4px rgba(0,30,43,0.3);
  background-color: white;
  color: #1C2D38;
  border-radius: 24px;
  font-family: 'Euclid Circular A',Akzidenz,'Helvetica Neue',Helvetica,Arial,sans-serif;
  font-size: 13px;
  line-height: 20px;
  padding: 24px;
  min-height: 68px;
}

.emotion-5 {
  width: 24px;
}

@media only screen and (max-width: 480px) {
  .emotion-5 {
    width: 20px;
  }
}

.emotion-7 {
  display: -webkit-box;
  display: -webkit-flex;
  display: -ms-flexbox;
  display: flex;
  -webkit-flex-direction: column;
  -ms-flex-direction: column;
  flex-direction: column;
  height: 100%;
  margin-left: 8px;
}

@media only screen and (max-width: 480px) {
  .emotion-7 {
    margin-left: 16px;
  }
}

.emotion-7 p {
  line-height: 24px;
}

.emotion-9 {
  font-weight: 600;
  letter-spacing: 0.5px;
  margin: 0 0 8px;
}

.emotion-11 {
  margin: unset;
  font-family: Akzidenz,'Helvetica Neue',Helvetica,Arial,sans-serif;
  color: #21313C;
  font-size: 14px;
  line-height: 20px;
  -webkit-letter-spacing: 0px;
  -moz-letter-spacing: 0px;
  -ms-letter-spacing: 0px;
  letter-spacing: 0px;
  font-weight: 600;
}

.emotion-12 {
  margin-bottom: 16px;
}

.emotion-14 {
  margin: unset;
  font-family: Akzidenz,'Helvetica Neue',Helvetica,Arial,sans-serif;
  color: #21313C;
  font-size: 14px;
  line-height: 20px;
  -webkit-letter-spacing: 0px;
  -moz-letter-spacing: 0px;
  -ms-letter-spacing: 0px;
  letter-spacing: 0px;
  font-weight: 400;
}

.emotion-19 {
  -webkit-align-items: center;
  -webkit-box-align: center;
  -ms-flex-align: center;
  align-items: center;
  cursor: pointer;
  position: relative;
  -webkit-text-decoration: none!important;
  text-decoration: none!important;
  line-height: 13px;
  outline: none;
  color: #016BF8;
  background: #F9FBFA;
  border-radius: 4px;
  border: 1px solid #C1C7C6;
  box-sizing: border-box;
  display: inline-block;
  font-size: 13px!important;
  font-weight: 600;
  margin-bottom: 4px;
  margin-right: 4px;
  padding: 4px;
}

.emotion-19:focus {
  outline: none;
}

.emotion-19>code {
  color: #016BF8;
}

.emotion-19::after {
  content: '';
  position: absolute;
  width: 100%;
  height: 2px;
  bottom: -4px;
  left: 0;
  border-radius: 2px;
}

.emotion-19:focus .emotion-19::after {
  background-color: #0498EC;
}

.emotion-19:hover::after {
  background-color: #E8EDEB;
}

.emotion-19:after {
  content: ' âž”';
}

.emotion-38 {
  position: relative;
  -webkit-transition: 150ms ease-in-out;
  transition: 150ms ease-in-out;
  transition-property: border,box-shadow;
  border: 1px solid #E8EDEB;
  box-shadow: 0 4px 10px -4px rgba(0,30,43,0.3);
  background-color: white;
  color: #1C2D38;
  border-radius: 24px;
  font-family: 'Euclid Circular A',Akzidenz,'Helvetica Neue',Helvetica,Arial,sans-serif;
  font-size: 13px;
  line-height: 20px;
  padding: 24px;
  min-height: 68px;
  cursor: pointer;
}

.emotion-38:focus {
  outline: none;
  box-shadow: 0 0 0 2px #FFFFFF,0 0 0 4px #0498EC,0 4px 10px -4px rgba(0,30,43,0.3);
}

.emotion-38:hover,
.emotion-38:active {
  border: 1px solid #E8EDEB;
  box-shadow: 0 4px 20px -4px rgba(0,30,43,0.2);
}

.emotion-38:hover:focus,
.emotion-38:active:focus {
  box-shadow: 0 0 0 2px #FFFFFF,0 0 0 4px #0498EC,0 4px 20px -4px rgba(0,30,43,0.2);
}

.emotion-49 a {
  line-height: unset;
}

.emotion-52 {
  -webkit-text-decoration: none!important;
  text-decoration: none!important;
}

.emotion-53 {
  display: -webkit-inline-box;
  display: -webkit-inline-flex;
  display: -ms-inline-flexbox;
  display: inline-flex;
  -webkit-align-items: center;
  -webkit-box-align: center;
  -ms-flex-align: center;
  align-items: center;
  -webkit-text-decoration: none;
  text-decoration: none;
  color: #007CAD;
  cursor: pointer;
  font-size: 14px;
  line-height: 20px;
  -webkit-letter-spacing: 0px;
  -moz-letter-spacing: 0px;
  -ms-letter-spacing: 0px;
  letter-spacing: 0px;
}

.emotion-53:focus {
  outline: none;
}

.emotion-54 {
  background-repeat: repeat-x;
  background-size: 2px 2px;
  background-position: center bottom;
}

[data-leafygreen-ui="anchor-container"]:hover .emotion-54 {
  background-image: linear-gradient( #E7EEEC 100%, #E7EEEC 0 );
}

[data-leafygreen-ui="anchor-container"]:focus .emotion-54 {
  background-image: linear-gradient( to right, #9DD0E7 100%, #9DD0E7 0 );
}

<div
    class="card-group  emotion-0 emotion-1"
  >
    <div
      class="emotion-2 emotion-3 emotion-4"
    >
      <img
        class="emotion-5 emotion-6"
        src="/images/icons/realm_sdk.svg"
      />
      <div
        class="emotion-7 emotion-8"
      >
        <div
          class="check-h4 emotion-9 emotion-10 emotion-11"
        >
          Realm SDKs
        </div>
        <div
          class="emotion-12 emotion-13 emotion-14"
        >
          Use platform-specific libraries to include and work with the Realm database in your application.
        </div>
        <div
          class="emotion-12 emotion-13 emotion-14"
        >
          <a
            class="emotion-18 emotion-19 emotion-20"
            href="/sdk/android/#std-label-android-intro"
          >
            Android
          </a>
          

          <a
            class="emotion-18 emotion-19 emotion-20"
            href="/sdk/ios/#std-label-ios-intro"
          >
            iOS
          </a>
          

          <a
            class="emotion-18 emotion-19 emotion-20"
            href="/sdk/dotnet/#std-label-dotnet-intro"
          >
            .Net
          </a>
          

          <a
            class="emotion-18 emotion-19 emotion-20"
            href="/web/#std-label-web-intro"
          >
            Web
          </a>
          

          <a
            class="emotion-18 emotion-19 emotion-20"
            href="/sdk/react-native/#std-label-react-native-intro"
          >
            React Native
          </a>
          

          <a
            class="emotion-18 emotion-19 emotion-20"
            href="/sdk/node/#std-label-node-intro"
          >
            Node.js
          </a>
        </div>
      </div>
    </div>
    <div
      class="emotion-2 emotion-3 emotion-38"
    >
      <img
        class="emotion-5 emotion-6"
        src="/images/icons/realm.svg"
      />
      <div
        class="emotion-7 emotion-8"
      >
        <div
          class="check-h4 emotion-9 emotion-10 emotion-11"
        >
          MongoDB Realm
        </div>
        <div
          class="emotion-12 emotion-13 emotion-14"
        >
          Discover how to sync data, define permissions, and connect to other services, including MongoDB Atlas.
        </div>
        <div
          class="emotion-49 emotion-50 emotion-14"
        >
          <a
            class="emotion-52 emotion-53"
            data-leafygreen-ui="anchor-container"
            href="https://docs.mongodb.com/realm/services/"
            rel="noopener noreferrer"
            target="_blank"
          >
            <span
              class="emotion-54"
            >
              Learn more about MongoDB Realm Application Services
            </span>
          </a>
        </div>
      </div>
    </div>
  </div>
</DocumentFragment>
`;
