// Jest Snapshot v1, https://goo.gl/fbAQLP

exports[`renders correctly with a directive_argument node 1`] = `
<DocumentFragment>
  .emotion-0 {
  font-size: unset;
  display: inline;
}

a .emotion-0 {
  color: inherit;
}

.emotion-2 {
  background-color: #F9FBFA;
  border: 1px solid #B8C4C2;
  border-radius: 3px;
  font-family: 'Source Code Pro',Menlo,monospace;
  font-size: 14px;
  line-height: 20px;
  -webkit-letter-spacing: 0px;
  -moz-letter-spacing: 0px;
  -ms-letter-spacing: 0px;
  letter-spacing: 0px;
  white-space: nowrap;
}

[data-leafygreen-ui="anchor-inline-code"]:hover>.emotion-2 {
  box-shadow: 0 0 0 3px #E7EEEC;
}

[data-leafygreen-ui="anchor-inline-code"]:focus>.emotion-2 {
  box-shadow: 0 0 0 3px #C5E4F2;
}

.emotion-3 {
  -webkit-align-self: center;
  -ms-flex-item-align: center;
  align-self: center;
  padding: 0 10px;
  visibility: hidden;
}

.emotion-4 {
  border-radius: 0!important;
  display: initial!important;
  margin: initial!important;
}

.emotion-6 {
  margin-top: -150px;
  position: absolute;
  padding-bottom: 2px;
}

.emotion-8 {
  margin-bottom: 16px;
}

.emotion-10 {
  margin: unset;
  font-family: Akzidenz,'Helvetica Neue',Helvetica,Arial,sans-serif;
  color: #21313C;
  font-size: 14px;
  line-height: 20px;
  -webkit-letter-spacing: 0px;
  -moz-letter-spacing: 0px;
  -ms-letter-spacing: 0px;
  letter-spacing: 0px;
  font-weight: 400;
}

.emotion-11 {
  -webkit-align-items: center;
  -webkit-box-align: center;
  -ms-flex-align: center;
  align-items: center;
  cursor: pointer;
  position: relative;
  -webkit-text-decoration: none!important;
  text-decoration: none!important;
  line-height: 13px;
  outline: none;
  color: #016BF8;
}

.emotion-11:focus {
  outline: none;
}

.emotion-11>code {
  color: #016BF8;
}

.emotion-11::after {
  content: '';
  position: absolute;
  width: 100%;
  height: 2px;
  bottom: -4px;
  left: 0;
  border-radius: 2px;
}

.emotion-11:focus .emotion-11::after {
  background-color: #0498EC;
}

.emotion-11:hover::after {
  background-color: #E8EDEB;
}

<dl
    class="option"
  >
    <dt>
      <code
        class="emotion-0 emotion-1 emotion-2"
      >
        --config &lt;filename&gt;, -f &lt;filename&gt;
      </code>
      <a
        class="headerlink emotion-3"
        href="#std-option-mongos.--config"
        title="Permalink to this definition"
      >
        <img
          class="emotion-4 emotion-5"
          src="/assets/link.svg"
        />
      </a>
      <div
        class="emotion-6 emotion-7"
        id="std-option-mongos.--config"
      />
    </dt>
    <dd>
      <div
        class="emotion-8 emotion-9 emotion-10"
      >
        Specifies a configuration file for runtime configuration options. The
configuration file is the preferred method for runtime configuration of

        <a
          class="emotion-11 emotion-12"
          href="/reference/program/mongos/#std-program-mongos"
        >
          <code
            class="emotion-0 emotion-1 emotion-2"
          >
            mongos
          </code>
        </a>
        . The options are equivalent to the command-line
configuration options. See 
        <a
          class="emotion-11 emotion-12"
          href="/reference/configuration-options/"
        >
          Configuration File Options
        </a>
         for
more information.
      </div>
      <div
        class="emotion-8 emotion-9 emotion-10"
      >
        Ensure the configuration file uses ASCII encoding. The 
        <a
          class="emotion-11 emotion-12"
          href="/reference/program/mongos/#std-program-mongos"
        >
          <code
            class="emotion-0 emotion-1 emotion-2"
          >
            mongos
          </code>
        </a>
        
instance does not support configuration files with non-ASCII encoding,
including UTF-8.
      </div>
    </dd>
  </dl>
</DocumentFragment>
`;

exports[`renders correctly with no directive_argument nodes 1`] = `
<DocumentFragment>
  <span
    class="header-buffer"
    id="std-label-php-language-center"
  />
</DocumentFragment>
`;
